\BOOKMARK [1][-]{section*.4}{\376\377\000A\000b\000s\000t\000r\000a\000k}{}% 1
\BOOKMARK [1][-]{section*.5}{\376\377\000A\000b\000s\000t\000r\000a\000c\000t}{}% 2
\BOOKMARK [1][-]{section.1}{\376\377\000P\000e\000n\000d\000a\000h\000u\000l\000u\000a\000n}{}% 3
\BOOKMARK [2][-]{subsection.1.1}{\376\377\000L\000a\000t\000a\000r\000\040\000B\000e\000l\000a\000k\000a\000n\000g\000\040\000d\000a\000n\000\040\000U\000r\000g\000e\000n\000s\000i\000\040\000P\000e\000n\000e\000l\000i\000t\000i\000a\000n}{section.1}% 4
\BOOKMARK [2][-]{subsection.1.2}{\376\377\000K\000e\000t\000e\000r\000b\000a\000t\000a\000s\000a\000n\000\040\000D\000a\000t\000a\000\040\000S\000a\000t\000e\000l\000i\000t\000\040\000K\000a\000s\000a\000r\000\040\000d\000a\000n\000\040\000P\000e\000l\000u\000a\000n\000g\000\040\000F\000u\000s\000i\000\040\000S\000e\000n\000s\000o\000r}{section.1}% 5
\BOOKMARK [2][-]{subsection.1.3}{\376\377\000T\000u\000j\000u\000a\000n\000\040\000d\000a\000n\000\040\000K\000e\000b\000a\000r\000u\000a\000n\000\040\000P\000e\000n\000e\000l\000i\000t\000i\000a\000n}{section.1}% 6
\BOOKMARK [1][-]{section.2}{\376\377\000D\000a\000t\000a\000\040\000d\000a\000n\000\040\000W\000i\000l\000a\000y\000a\000h\000\040\000P\000e\000n\000e\000l\000i\000t\000i\000a\000n}{}% 7
\BOOKMARK [2][-]{subsection.2.1}{\376\377\000K\000a\000r\000a\000k\000t\000e\000r\000i\000s\000t\000i\000k\000\040\000W\000i\000l\000a\000y\000a\000h\000\040\000S\000t\000u\000d\000i\000\040\000K\000a\000b\000u\000p\000a\000t\000e\000n\000\040\000K\000e\000b\000u\000m\000e\000n}{section.2}% 8
\BOOKMARK [2][-]{subsection.2.2}{\376\377\000K\000o\000m\000p\000i\000l\000a\000s\000i\000\040\000M\000u\000l\000t\000i\000-\000D\000a\000t\000a\000s\000e\000t\000\040\0002\0005\000\040\000T\000a\000h\000u\000n\000\040\000\050\0002\0000\0000\0001\040\023\0002\0000\0002\0005\000\051}{section.2}% 9
\BOOKMARK [2][-]{subsection.2.3}{\376\377\000P\000e\000n\000a\000n\000g\000a\000n\000a\000n\000\040\000D\000a\000t\000a\000\040\000H\000i\000l\000a\000n\000g\000\040\000d\000a\000n\000\040\000R\000e\000k\000o\000n\000s\000t\000r\000u\000k\000s\000i\000\040\000P\000a\000r\000a\000m\000e\000t\000e\000r\000\040\000A\000t\000m\000o\000s\000f\000e\000r}{section.2}% 10
\BOOKMARK [1][-]{section.3}{\376\377\000M\000e\000t\000o\000d\000o\000l\000o\000g\000i\000\040\000d\000a\000n\000\040\000P\000r\000o\000t\000o\000k\000o\000l\000\040\000V\000a\000l\000i\000d\000a\000s\000i\000\040\000S\000p\000a\000s\000i\000a\000l}{}% 11
\BOOKMARK [2][-]{subsection.3.1}{\376\377\000P\000r\000o\000y\000e\000k\000s\000i\000\040\000K\000o\000o\000r\000d\000i\000n\000a\000t\000\040\000M\000e\000t\000r\000i\000k\000\040\000d\000a\000n\000\040\000D\000e\000k\000o\000m\000p\000o\000s\000i\000s\000i\000\040\000A\000s\000p\000e\000k\000\040\000T\000o\000p\000o\000g\000r\000a\000f\000i}{section.3}% 12
\BOOKMARK [2][-]{subsection.3.2}{\376\377\000P\000r\000o\000t\000o\000k\000o\000l\000\040\000V\000a\000l\000i\000d\000a\000s\000i\000\040\000S\000p\000a\000s\000i\000a\000l\000\040\000T\000a\000n\000p\000a\000\040\000K\000e\000b\000o\000c\000o\000r\000a\000n\000\040\000\050\000S\000p\000a\000t\000i\000a\000l\000\040\000B\000l\000o\000c\000k\000\040\000C\000V\000\040\000+\000\040\000B\000u\000f\000f\000e\000r\000\040\0005\000\040\000k\000m\000\051}{section.3}% 13
\BOOKMARK [2][-]{subsection.3.3}{\376\377\000A\000r\000s\000i\000t\000e\000k\000t\000u\000r\000\040\0001\0002\000\040\000A\000l\000g\000o\000r\000i\000t\000m\000a\000\040\000D\000o\000w\000n\000s\000c\000a\000l\000i\000n\000g\000\040\000y\000a\000n\000g\000\040\000D\000i\000b\000a\000n\000d\000i\000n\000g\000k\000a\000n}{section.3}% 14
\BOOKMARK [2][-]{subsection.3.4}{\376\377\000P\000e\000n\000e\000g\000a\000k\000a\000n\000\040\000P\000e\000l\000e\000s\000t\000a\000r\000i\000a\000n\000\040\000K\000o\000n\000s\000e\000r\000v\000a\000s\000i\000\040\000M\000a\000s\000s\000a\000\040\000R\000e\000g\000i\000o\000n\000a\000l}{section.3}% 15
\BOOKMARK [2][-]{subsection.3.5}{\376\377\000M\000e\000t\000r\000i\000k\000\040\000E\000v\000a\000l\000u\000a\000s\000i\000\040\000K\000i\000n\000e\000r\000j\000a\000\040\000K\000u\000a\000n\000t\000i\000t\000a\000t\000i\000f}{section.3}% 16
\BOOKMARK [1][-]{section.4}{\376\377\000H\000a\000s\000i\000l\000\040\000d\000a\000n\000\040\000P\000e\000m\000b\000a\000h\000a\000s\000a\000n}{}% 17
\BOOKMARK [2][-]{subsection.4.1}{\376\377\000P\000e\000r\000i\000n\000g\000k\000a\000t\000\040\000E\000v\000a\000l\000u\000a\000s\000i\000\040\000A\000k\000u\000r\000a\000s\000i\000\040\0001\0002\000\040\000A\000l\000g\000o\000r\000i\000t\000m\000a\000\040\000D\000o\000w\000n\000s\000c\000a\000l\000i\000n\000g}{section.4}% 18
\BOOKMARK [2][-]{subsection.4.2}{\376\377\000A\000n\000a\000l\000i\000s\000i\000s\000\040\000F\000e\000a\000t\000u\000r\000e\000\040\000I\000m\000p\000o\000r\000t\000a\000n\000c\000e\000\040\000d\000a\000n\000\040\000I\000n\000t\000e\000r\000a\000k\000s\000i\000\040\000P\000r\000e\000d\000i\000k\000t\000o\000r\000\040\000M\000u\000l\000t\000i\000-\000S\000e\000n\000s\000o\000r}{section.4}% 19
\BOOKMARK [2][-]{subsection.4.3}{\376\377\000A\000t\000l\000a\000s\000\040\000K\000l\000i\000m\000a\000t\000o\000l\000o\000g\000i\000\040\000P\000r\000e\000s\000i\000p\000i\000t\000a\000s\000i\000\040\0002\0005\000\040\000T\000a\000h\000u\000n\000\040\000\050\0002\0000\0000\0001\040\023\0002\0000\0002\0005\000\051\000\040\000R\000e\000s\000o\000l\000u\000s\000i\000\040\0002\0005\0000\000m}{section.4}% 20
\BOOKMARK [2][-]{subsection.4.4}{\376\377\000A\000n\000a\000l\000i\000s\000i\000s\000\040\000T\000r\000e\000n\000\040\000S\000p\000a\000s\000i\000a\000l\000\040\000P\000e\000r\000u\000b\000a\000h\000a\000n\000\040\000I\000k\000l\000i\000m\000\040\000\050\000S\000e\000n\000'\000s\000\040\000S\000l\000o\000p\000e\000\040\000E\000s\000t\000i\000m\000a\000t\000o\000r\000\051}{section.4}% 21
\BOOKMARK [2][-]{subsection.4.5}{\376\377\000R\000e\000s\000p\000o\000n\000\040\000S\000p\000a\000s\000i\000a\000l\000\040\000T\000e\000r\000h\000a\000d\000a\000p\000\040\000K\000e\000j\000a\000d\000i\000a\000n\000\040\000I\000k\000l\000i\000m\000\040\000E\000k\000s\000t\000r\000e\000m\000\040\000E\000N\000S\000O}{section.4}% 22
\BOOKMARK [2][-]{subsection.4.6}{\376\377\000E\000v\000a\000l\000u\000a\000s\000i\000\040\000S\000t\000a\000t\000i\000s\000t\000i\000k\000\040\000Z\000o\000n\000a\000l\000\040\000K\000o\000m\000p\000a\000r\000a\000t\000i\000f\000\040\0002\0006\000\040\000K\000e\000c\000a\000m\000a\000t\000a\000n}{section.4}% 23
\BOOKMARK [1][-]{section.5}{\376\377\000K\000e\000s\000i\000m\000p\000u\000l\000a\000n\000\040\000d\000a\000n\000\040\000R\000e\000k\000o\000m\000e\000n\000d\000a\000s\000i\000\040\000K\000e\000b\000i\000j\000a\000k\000a\000n}{}% 24
\BOOKMARK [2][-]{subsection.5.1}{\376\377\000K\000e\000s\000i\000m\000p\000u\000l\000a\000n\000\040\000U\000t\000a\000m\000a}{section.5}% 25
\BOOKMARK [2][-]{subsection.5.2}{\376\377\000R\000e\000k\000o\000m\000e\000n\000d\000a\000s\000i\000\040\000K\000e\000b\000i\000j\000a\000k\000a\000n\000\040\000d\000a\000n\000\040\000M\000i\000t\000i\000g\000a\000s\000i\000\040\000D\000a\000e\000r\000a\000h}{section.5}% 26
\BOOKMARK [1][-]{section*.20}{\376\377\000D\000a\000f\000t\000a\000r\000\040\000P\000u\000s\000t\000a\000k\000a}{}% 27
