\BOOKMARK [1][-]{section.1}{\376\377\000P\000E\000N\000D\000A\000H\000U\000L\000U\000A\000N}{}% 1
\BOOKMARK [2][-]{subsection.1.1}{\376\377\000L\000a\000t\000a\000r\000\040\000B\000e\000l\000a\000k\000a\000n\000g\000\040\000d\000a\000n\000\040\000U\000r\000g\000e\000n\000s\000i\000\040\000P\000e\000n\000e\000l\000i\000t\000i\000a\000n}{section.1}% 2
\BOOKMARK [2][-]{subsection.1.2}{\376\377\000K\000a\000r\000a\000k\000t\000e\000r\000i\000s\000t\000i\000k\000\040\000G\000e\000o\000m\000o\000r\000f\000o\000l\000o\000g\000i\000\040\000K\000a\000b\000u\000p\000a\000t\000e\000n\000\040\000K\000e\000b\000u\000m\000e\000n}{section.1}% 3
\BOOKMARK [2][-]{subsection.1.3}{\376\377\000T\000u\000j\000u\000a\000n\000\040\000P\000e\000n\000e\000l\000i\000t\000i\000a\000n}{section.1}% 4
\BOOKMARK [1][-]{section.2}{\376\377\000W\000I\000L\000A\000Y\000A\000H\000\040\000S\000T\000U\000D\000I\000\040\000D\000A\000N\000\040\000D\000A\000T\000A\000S\000E\000T}{}% 5
\BOOKMARK [2][-]{subsection.2.1}{\376\377\000B\000a\000t\000a\000s\000\040\000A\000d\000m\000i\000n\000i\000s\000t\000r\000a\000s\000i\000\040\000d\000a\000n\000\040\000K\000a\000r\000a\000k\000t\000e\000r\000i\000s\000t\000i\000k\000\040\000G\000r\000i\000d\000\040\000D\000o\000m\000a\000i\000n}{section.2}% 6
\BOOKMARK [2][-]{subsection.2.2}{\376\377\000D\000a\000t\000a\000\040\000S\000a\000t\000e\000l\000i\000t\000\040\000C\000H\000I\000R\000P\000S\000\040\000v\0002\000.\0000\000\040\000R\000N\000L\000\040\0002\0000\0002\0005}{section.2}% 7
\BOOKMARK [2][-]{subsection.2.3}{\376\377\000K\000o\000v\000a\000r\000i\000a\000t\000\040\000T\000o\000p\000o\000g\000r\000a\000f\000i\000\040\000D\000i\000g\000i\000t\000a\000l\000\040\000\050\000D\000E\000M\000\040\0003\0000\000m\000\051\000\040\000d\000a\000n\000\040\000P\000e\000n\000u\000r\000u\000n\000a\000n\000\040\000G\000e\000o\000m\000o\000r\000f\000i\000k}{section.2}% 8
\BOOKMARK [1][-]{section.3}{\376\377\000M\000E\000T\000O\000D\000O\000L\000O\000G\000I\000\040\000D\000A\000N\000\040\000F\000O\000R\000M\000U\000L\000A\000S\000I\000\040\000M\000A\000T\000E\000M\000A\000T\000I\000S\000\040\0001\0003\000\040\000A\000L\000G\000O\000R\000I\000T\000M\000A}{}% 9
\BOOKMARK [2][-]{subsection.3.1}{\376\377\000A\000l\000u\000r\000\040\000K\000e\000r\000j\000a\000\040\000d\000a\000n\000\040\000P\000r\000o\000t\000o\000k\000o\000l\000\040\000V\000a\000l\000i\000d\000a\000s\000i}{section.3}% 10
\BOOKMARK [2][-]{subsection.3.2}{\376\377\000F\000o\000r\000m\000u\000l\000a\000s\000i\000\040\000M\000a\000t\000e\000m\000a\000t\000i\000s\000\040\0001\0003\000\040\000A\000l\000g\000o\000r\000i\000t\000m\000a\000\040\000D\000o\000w\000n\000s\000c\000a\000l\000i\000n\000g}{section.3}% 11
\BOOKMARK [3][-]{subsubsection.3.2.1}{\376\377\0001\000.\000\040\000I\000n\000v\000e\000r\000s\000e\000\040\000D\000i\000s\000t\000a\000n\000c\000e\000\040\000W\000e\000i\000g\000h\000t\000i\000n\000g\000\040\000\050\000I\000D\000W\000\051}{subsection.3.2}% 12
\BOOKMARK [3][-]{subsubsection.3.2.2}{\376\377\0002\000.\000\040\000G\000e\000o\000g\000r\000a\000p\000h\000i\000c\000a\000l\000l\000y\000\040\000W\000e\000i\000g\000h\000t\000e\000d\000\040\000R\000e\000g\000r\000e\000s\000s\000i\000o\000n\000\040\000\050\000G\000W\000R\000\051}{subsection.3.2}% 13
\BOOKMARK [3][-]{subsubsection.3.2.3}{\376\377\0003\000.\000\040\000O\000r\000d\000i\000n\000a\000r\000y\000\040\000K\000r\000i\000g\000i\000n\000g\000\040\000\050\000O\000K\000\051}{subsection.3.2}% 14
\BOOKMARK [3][-]{subsubsection.3.2.4}{\376\377\0004\000.\000\040\000K\000r\000i\000g\000i\000n\000g\000\040\000w\000i\000t\000h\000\040\000E\000x\000t\000e\000r\000n\000a\000l\000\040\000D\000r\000i\000f\000t\000\040\000\050\000K\000E\000D\000\051}{subsection.3.2}% 15
\BOOKMARK [3][-]{subsubsection.3.2.5}{\376\377\0005\000.\000\040\000R\000e\000g\000r\000e\000s\000s\000i\000o\000n\000-\000K\000r\000i\000g\000i\000n\000g\000\040\000\050\000R\000K\000\051}{subsection.3.2}% 16
\BOOKMARK [3][-]{subsubsection.3.2.6}{\376\377\0006\000.\000\040\000A\000N\000U\000S\000P\000L\000I\000N\000\040\000\050\000T\000r\000i\000v\000a\000r\000i\000a\000t\000e\000\040\000T\000h\000i\000n\000\040\000P\000l\000a\000t\000e\000\040\000S\000m\000o\000o\000t\000h\000i\000n\000g\000\040\000S\000p\000l\000i\000n\000e\000\051}{subsection.3.2}% 17
\BOOKMARK [3][-]{subsubsection.3.2.7}{\376\377\0007\000.\000\040\000P\000R\000I\000S\000M\000\040\000\050\000P\000a\000r\000a\000m\000e\000t\000e\000r\000-\000e\000l\000e\000v\000a\000t\000i\000o\000n\000\040\000R\000e\000g\000r\000e\000s\000s\000i\000o\000n\000s\000\040\000o\000n\000\040\000I\000n\000d\000e\000p\000e\000n\000d\000e\000n\000t\000\040\000S\000l\000o\000p\000e\000s\000\040\000M\000o\000d\000e\000l\000\051}{subsection.3.2}% 18
\BOOKMARK [3][-]{subsubsection.3.2.8}{\376\377\0008\000.\000\040\000S\000p\000a\000t\000i\000a\000l\000\040\000R\000a\000n\000d\000o\000m\000\040\000F\000o\000r\000e\000s\000t\000\040\000\050\000S\000R\000F\000\051}{subsection.3.2}% 19
\BOOKMARK [3][-]{subsubsection.3.2.9}{\376\377\0009\000.\000\040\000R\000a\000n\000d\000o\000m\000\040\000F\000o\000r\000e\000s\000t\000\040\000S\000p\000a\000t\000i\000a\000l\000\040\000I\000n\000t\000e\000r\000p\000o\000l\000a\000t\000i\000o\000n\000\040\000\050\000R\000F\000S\000I\000\051}{subsection.3.2}% 20
\BOOKMARK [3][-]{subsubsection.3.2.10}{\376\377\0001\0000\000.\000\040\000S\000p\000a\000t\000i\000a\000l\000\040\000X\000G\000B\000o\000o\000s\000t}{subsection.3.2}% 21
\BOOKMARK [3][-]{subsubsection.3.2.11}{\376\377\0001\0001\000.\000\040\000S\000p\000a\000t\000i\000a\000l\000\040\000L\000i\000g\000h\000t\000G\000B\000M}{subsection.3.2}% 22
\BOOKMARK [3][-]{subsubsection.3.2.12}{\376\377\0001\0002\000.\000\040\000C\000o\000n\000d\000i\000t\000i\000o\000n\000a\000l\000\040\000M\000e\000r\000g\000i\000n\000g\000\040\000\050\000C\000M\000\051}{subsection.3.2}% 23
\BOOKMARK [3][-]{subsubsection.3.2.13}{\376\377\0001\0003\000.\000\040\000M\000u\000l\000t\000i\000-\000M\000o\000d\000e\000l\000\040\000E\000n\000s\000e\000m\000b\000l\000e\000\040\000C\000o\000n\000s\000e\000n\000s\000u\000s}{subsection.3.2}% 24
\BOOKMARK [1][-]{section.4}{\376\377\000H\000A\000S\000I\000L\000\040\000B\000E\000N\000C\000H\000M\000A\000R\000K\000I\000N\000G\000\040\000D\000A\000N\000\040\000E\000V\000A\000L\000U\000A\000S\000I\000\040\000K\000I\000N\000E\000R\000J\000A\000\040\0001\0003\000\040\000M\000O\000D\000E\000L}{}% 25
\BOOKMARK [2][-]{subsection.4.1}{\376\377\000M\000e\000t\000r\000i\000k\000\040\000E\000v\000a\000l\000u\000a\000s\000i\000\040\000P\000e\000r\000f\000o\000r\000m\000a\000\040\000H\000i\000d\000r\000o\000l\000o\000g\000i\000s}{section.4}% 26
\BOOKMARK [2][-]{subsection.4.2}{\376\377\000T\000a\000b\000e\000l\000\040\000K\000o\000m\000p\000a\000r\000a\000s\000i\000\040\000K\000i\000n\000e\000r\000j\000a\000\040\000L\000i\000n\000t\000a\000s\000\040\000A\000l\000g\000o\000r\000i\000t\000m\000a}{section.4}% 27
\BOOKMARK [2][-]{subsection.4.3}{\376\377\000D\000i\000s\000k\000u\000s\000i\000\040\000H\000a\000s\000i\000l\000\040\000B\000e\000n\000c\000h\000m\000a\000r\000k\000i\000n\000g}{section.4}% 28
\BOOKMARK [1][-]{section.5}{\376\377\000A\000N\000A\000L\000I\000S\000I\000S\000\040\000S\000P\000A\000S\000I\000A\000L\000\040\000D\000A\000N\000\040\000T\000E\000M\000P\000O\000R\000A\000L\000\040\000D\000O\000W\000N\000S\000C\000A\000L\000I\000N\000G\000\040\000T\000A\000H\000U\000N\000\040\0002\0000\0002\0005}{}% 29
\BOOKMARK [2][-]{subsection.5.1}{\376\377\000D\000i\000n\000a\000m\000i\000k\000a\000\040\000T\000e\000m\000p\000o\000r\000a\000l\000\040\000d\000a\000n\000\040\000T\000r\000a\000j\000e\000k\000t\000o\000r\000i\000\040\000P\000r\000e\000s\000i\000p\000i\000t\000a\000s\000i\000\040\000B\000u\000l\000a\000n\000a\000n\000\040\0002\0000\0002\0005\000\040\000L\000i\000n\000t\000a\000s\000\040\000A\000l\000g\000o\000r\000i\000t\000m\000a}{section.5}% 30
\BOOKMARK [2][-]{subsection.5.2}{\376\377\000P\000o\000l\000a\000\040\000S\000p\000a\000s\000i\000a\000l\000\040\0001\0002\000\040\000B\000u\000l\000a\000n\000\040\000T\000i\000a\000p\000\040\000A\000l\000g\000o\000r\000i\000t\000m\000a\000\040\000\050\000A\000n\000a\000l\000i\000s\000i\000s\000\040\000G\000r\000i\000d\000\040\0003\000x\0004\000\040\000M\000a\000s\000i\000n\000g\000-\000M\000a\000s\000i\000n\000g\000\040\000M\000e\000t\000o\000d\000e\000\051}{section.5}% 31
\BOOKMARK [3][-]{subsubsection.5.2.1}{\376\377\0001\000.\000\040\000R\000e\000k\000o\000n\000s\000t\000r\000u\000k\000s\000i\000\040\0001\0002\000\040\000B\000u\000l\000a\000n\000\040\000M\000e\000n\000g\000g\000u\000n\000a\000k\000a\000n\000\040\000A\000N\000U\000S\000P\000L\000I\000N\000\040\000\050\000T\000r\000i\000v\000a\000r\000i\000a\000t\000e\000\040\000T\000o\000p\000o\000g\000r\000a\000p\000h\000i\000c\000\040\000S\000p\000l\000i\000n\000e\000\051}{subsection.5.2}% 32
\BOOKMARK [3][-]{subsubsection.5.2.2}{\376\377\0002\000.\000\040\000R\000e\000k\000o\000n\000s\000t\000r\000u\000k\000s\000i\000\040\0001\0002\000\040\000B\000u\000l\000a\000n\000\040\000M\000e\000n\000g\000g\000u\000n\000a\000k\000a\000n\000\040\000P\000R\000I\000S\000M\000\040\000\050\000F\000a\000c\000e\000t\000\040\000W\000e\000i\000g\000h\000t\000e\000d\000\040\000O\000r\000o\000g\000r\000a\000p\000h\000i\000c\000\040\000R\000e\000g\000r\000e\000s\000s\000i\000o\000n\000\051}{subsection.5.2}% 33
\BOOKMARK [3][-]{subsubsection.5.2.3}{\376\377\0003\000.\000\040\000R\000e\000k\000o\000n\000s\000t\000r\000u\000k\000s\000i\000\040\0001\0002\000\040\000B\000u\000l\000a\000n\000\040\000M\000e\000n\000g\000g\000u\000n\000a\000k\000a\000n\000\040\000R\000e\000g\000r\000e\000s\000s\000i\000o\000n\000-\000K\000r\000i\000g\000i\000n\000g\000\040\000\050\000R\000K\000\051}{subsection.5.2}% 34
\BOOKMARK [3][-]{subsubsection.5.2.4}{\376\377\0004\000.\000\040\000R\000e\000k\000o\000n\000s\000t\000r\000u\000k\000s\000i\000\040\0001\0002\000\040\000B\000u\000l\000a\000n\000\040\000K\000o\000n\000s\000e\000n\000s\000u\000s\000\040\000M\000u\000l\000t\000i\000-\000M\000o\000d\000e\000l\000\040\000\050\000E\000n\000s\000e\000m\000b\000l\000e\000\040\000M\000e\000a\000n\000\051}{subsection.5.2}% 35
\BOOKMARK [2][-]{subsection.5.3}{\376\377\000M\000a\000t\000r\000i\000k\000s\000\040\000K\000o\000m\000p\000a\000r\000a\000s\000i\000\040\000S\000p\000a\000s\000i\000a\000l\000\040\0004\000\040\000A\000l\000g\000o\000r\000i\000t\000m\000a\000\040\000p\000a\000d\000a\000\040\000P\000e\000r\000i\000o\000d\000e\000\040\000M\000u\000s\000i\000m\000\040\000R\000e\000p\000r\000e\000s\000e\000n\000t\000a\000t\000i\000f}{section.5}% 36
\BOOKMARK [2][-]{subsection.5.4}{\376\377\000K\000o\000m\000p\000a\000r\000a\000s\000i\000\040\000S\000p\000a\000s\000i\000a\000l\000\040\0004\000\040\000M\000o\000d\000e\000l\000\040\000T\000e\000r\000b\000a\000i\000k\000\040\000p\000a\000d\000a\000\040\000A\000k\000u\000m\000u\000l\000a\000s\000i\000\040\000T\000a\000h\000u\000n\000a\000n\000\040\0002\0000\0002\0005}{section.5}% 37
\BOOKMARK [2][-]{subsection.5.5}{\376\377\000A\000n\000a\000l\000i\000s\000i\000s\000\040\000K\000e\000t\000i\000d\000a\000k\000p\000a\000s\000t\000i\000a\000n\000\040\000I\000n\000t\000e\000r\000-\000M\000o\000d\000e\000l\000\040\000\050\000U\000n\000c\000e\000r\000t\000a\000i\000n\000t\000y\000\040\000S\000p\000r\000e\000a\000d\000\051}{section.5}% 38
\BOOKMARK [2][-]{subsection.5.6}{\376\377\000S\000t\000a\000t\000i\000s\000t\000i\000k\000\040\000Z\000o\000n\000a\000l\000\040\000P\000r\000e\000s\000i\000p\000i\000t\000a\000s\000i\000\040\0002\0006\000\040\000K\000e\000c\000a\000m\000a\000t\000a\000n\000\040\000d\000i\000\040\000K\000a\000b\000u\000p\000a\000t\000e\000n\000\040\000K\000e\000b\000u\000m\000e\000n}{section.5}% 39
\BOOKMARK [1][-]{section.6}{\376\377\000D\000I\000S\000K\000U\000S\000I\000\040\000D\000A\000N\000\040\000R\000E\000K\000O\000M\000E\000N\000D\000A\000S\000I\000\040\000T\000E\000K\000N\000I\000S}{}% 40
\BOOKMARK [2][-]{subsection.6.1}{\376\377\000K\000e\000s\000e\000i\000m\000b\000a\000n\000g\000a\000n\000\040\000A\000n\000t\000a\000r\000a\000\040\000S\000m\000o\000o\000t\000h\000i\000n\000g\000\040\000d\000a\000n\000\040\000D\000e\000t\000a\000i\000l\000\040\000F\000i\000s\000i\000k}{section.6}% 41
\BOOKMARK [2][-]{subsection.6.2}{\376\377\000K\000o\000n\000s\000e\000r\000v\000a\000s\000i\000\040\000M\000a\000s\000s\000a\000\040\000P\000r\000e\000s\000i\000p\000i\000t\000a\000s\000i\000\040\000\050\000M\000a\000s\000s\000\040\000C\000o\000n\000s\000e\000r\000v\000a\000t\000i\000o\000n\000\051}{section.6}% 42
\BOOKMARK [2][-]{subsection.6.3}{\376\377\000R\000e\000k\000o\000m\000e\000n\000d\000a\000s\000i\000\040\000I\000m\000p\000l\000e\000m\000e\000n\000t\000a\000s\000i\000\040\000O\000p\000e\000r\000a\000s\000i\000o\000n\000a\000l}{section.6}% 43
\BOOKMARK [1][-]{section.7}{\376\377\000K\000E\000S\000I\000M\000P\000U\000L\000A\000N}{}% 44
